// 同步 ID: 4344297a @ Sat Jul 25 21:07:17 UTC 2026
// 同步 ID: c81dc1f3 @ Mon Jul 27 09:06:04 UTC 2026
// 重构日志: edd34bb4
// 重构日志: 416d31c7
// 重构日志: 95928a30
// 重构日志: b73e4909
// 重构日志: 2e2a7cf9
// 同步 ID: 5d8af7ea @ Wed Jul 29 10:30:34 UTC 2026
// 重构日志: 8545bd17
// 同步 ID: 2a232f72 @ Thu Jul 30 11:52:42 UTC 2026
// 同步 ID: 73a6fabb @ Thu Jul 30 14:52:23 UTC 2026
// 重构日志: 36ce0063
// 同步 ID: 23c16936 @ Fri Jul 31 09:59:49 UTC 2026
// 重构日志: ca5956dc
// 同步 ID: c31791b1 @ Sat Aug  1 08:41:59 UTC 2026
// 同步 ID: 5fb352bc @ Sat Aug  1 12:57:14 UTC 2026
// 同步 ID: 1b793875 @ Sat Aug  1 16:54:12 UTC 2026
// 同步 ID: 385fa8e7 @ Sun Aug  2 00:23:58 UTC 2026
// 同步 ID: 97eb9973 @ Sun Aug  2 07:45:39 UTC 2026
// 重构日志: a2547c0a
// 重构日志: d2b01a77
// 同步 ID: a9175a7e @ Wed Aug  5 11:07:34 UTC 2026
// 同步 ID: ab223ae0 @ Wed Aug  5 13:05:51 UTC 2026
// 同步 ID: 2256b8ec @ Wed Aug  5 16:06:01 UTC 2026
// 同步 ID: 914b1586 @ Thu Aug  6 08:14:49 UTC 2026
// 同步 ID: c8e2bbf5 @ Fri Aug  7 04:08:58 UTC 2026
// 同步 ID: 2beb84ac @ Fri Aug  7 18:19:05 UTC 2026
// 重构日志: 478d27a3
// 重构日志: 4f42ac00
// 同步 ID: 8718a7f2 @ Sat Aug  8 13:10:28 UTC 2026
// 重构日志: 2033e482
